[2026-09-29 14:53:28] This is codeql database analyze ./codeql-db codeql/cpp-queries:codeql-suites/cpp-security-and-quality.qls --format=sarif-latest --output=codeql-results.sarif --download
[2026-09-29 14:53:28] Log file was started late.
[2026-09-29 14:53:28] [DETAILS] database analyze> Downloading queries...
[2026-09-29 14:53:28] Running plumbing command: codeql pack download --format json --qlconfig-file=/workspaces/cybr621-lab2-Memory-Safety-Validation/qlconfig.yml -- codeql/cpp-queries:codeql-suites/cpp-security-and-quality.qls
[2026-09-29 14:53:28] [PROGRESS] pack download> Package specifications to check for download: codeql/cpp-queries:codeql-suites/cpp-security-and-quality.qls
[2026-09-29 14:53:29] Calling plumbing command: codeql resolve queries --qlconfig-file=/workspaces/cybr621-lab2-Memory-Safety-Validation/qlconfig.yml --format installedpacks codeql/cpp-queries:codeql-suites/cpp-security-and-quality.qls
[2026-09-29 14:53:29] [PROGRESS] resolve queries> Recording pack reference codeql/cpp-queries at /home/codespace/.codeql/packages/codeql/cpp-queries/1.9.0.
[2026-09-29 14:53:29] Plumbing command codeql resolve queries completed:
                      {
                        "installedPacks" : [
                          "codeql/cpp-queries@latest"
                        ]
                      }
[2026-09-29 14:53:29] [DETAILS] pack download> Packaging> Requesting package versions of codeql/cpp-queries from https://ghcr.io/v2/codeql/cpp-queries/tags/list?n=100
[2026-09-29 14:53:29] [DETAILS] pack download> Packaging> Requesting package versions of codeql/cpp-queries from https://ghcr.io/v2/codeql/cpp-queries/tags/list?n=100&last=1.5.4
[2026-09-29 14:53:30] [PROGRESS] pack download> Did not need to download any packs.
[2026-09-29 14:53:30] Plumbing command codeql pack download completed.
[2026-09-29 14:53:30] [PROGRESS] database analyze> Running queries.
[2026-09-29 14:53:30] Running plumbing command: codeql database run-queries --evaluator-log-level=5 --warnings=show --qlconfig-file=/workspaces/cybr621-lab2-Memory-Safety-Validation/qlconfig.yml --dynamic-join-order-mode=none --no-rerun --interpret-passthrough=null,--format=sarif-latest,-o=/workspaces/cybr621-lab2-Memory-Safety-Validation/codeql-results.sarif,--max-paths=4,--csv-location-format=line-column,--print-diagnostics-summary,--print-metrics-summary,--qlconfig-file=/workspaces/cybr621-lab2-Memory-Safety-Validation/qlconfig.yml,--,/workspaces/cybr621-lab2-Memory-Safety-Validation/codeql-db,codeql/cpp-queries:codeql-suites/cpp-security-and-quality.qls -- /workspaces/cybr621-lab2-Memory-Safety-Validation/codeql-db codeql/cpp-queries:codeql-suites/cpp-security-and-quality.qls
[2026-09-29 14:53:30] Calling plumbing command: codeql resolve ram --dataset=/workspaces/cybr621-lab2-Memory-Safety-Validation/codeql-db/db-cpp --format=json
[2026-09-29 14:53:30] Plumbing command codeql resolve ram completed:
                      [
                        "-J-Xmx1253M"
                      ]
[2026-09-29 14:53:30] Chaining via /tmp/codeql.T06jDXsw to plumbing: execute queries -J-Xmx1253M --verbosity=progress --logdir=/workspaces/cybr621-lab2-Memory-Safety-Validation/codeql-db/log --evaluator-log-level=5 --warnings=show --qlconfig-file=/workspaces/cybr621-lab2-Memory-Safety-Validation/qlconfig.yml --dynamic-join-order-mode=none --no-rerun --interpret-passthrough=null,--format=sarif-latest,-o=/workspaces/cybr621-lab2-Memory-Safety-Validation/codeql-results.sarif,--max-paths=4,--csv-location-format=line-column,--print-diagnostics-summary,--print-metrics-summary,--qlconfig-file=/workspaces/cybr621-lab2-Memory-Safety-Validation/qlconfig.yml,--,/workspaces/cybr621-lab2-Memory-Safety-Validation/codeql-db,codeql/cpp-queries:codeql-suites/cpp-security-and-quality.qls --output=/workspaces/cybr621-lab2-Memory-Safety-Validation/codeql-db/results -- /workspaces/cybr621-lab2-Memory-Safety-Validation/codeql-db/db-cpp codeql/cpp-queries:codeql-suites/cpp-security-and-quality.qls
[2026-09-29 14:53:30] Plumbing command codeql database run-queries completed with status 70.
[2026-09-29 14:53:30] Exiting with code 70
