[2026-09-23 01:47:24] This is codeql database create ./codeql-db --language=cpp --command=gcc -Wall -Wextra -Wpedantic -c assistant1.c assistant2.c --overwrite
[2026-09-23 01:47:24] Log file was started late.
[2026-09-23 01:47:24] [PROGRESS] database create> Initializing database at /workspaces/cybr621-lab2-Memory-Safety-Validation/codeql-db.
[2026-09-23 01:47:24] Running plumbing command: codeql database init --overwrite --language=cpp --extractor-options-verbosity=1 --qlconfig-file=/workspaces/cybr621-lab2-Memory-Safety-Validation/qlconfig.yml --source-root=/workspaces/cybr621-lab2-Memory-Safety-Validation --allow-missing-source-root=false --allow-already-existing -- /workspaces/cybr621-lab2-Memory-Safety-Validation/codeql-db
[2026-09-23 01:47:24] Calling plumbing command: codeql resolve languages --extractor-options-verbosity=1 --format=betterjson
[2026-09-23 01:47:25] [DETAILS] resolve languages> Scanning for [codeql-extractor.yml] from /home/codespace/.local/share/gh/extensions/gh-codeql/dist/release/v2.27.1/.codeqlmanifest.json
[2026-09-23 01:47:25] [DETAILS] resolve languages> Parsing /home/codespace/.local/share/gh/extensions/gh-codeql/dist/release/v2.27.1/rust/codeql-extractor.yml.
[2026-09-23 01:47:25] [DETAILS] resolve languages> Parsing /home/codespace/.local/share/gh/extensions/gh-codeql/dist/release/v2.27.1/javascript/codeql-extractor.yml.
[2026-09-23 01:47:25] [DETAILS] resolve languages> Parsing /home/codespace/.local/share/gh/extensions/gh-codeql/dist/release/v2.27.1/csv/codeql-extractor.yml.
[2026-09-23 01:47:25] [DETAILS] resolve languages> Parsing /home/codespace/.local/share/gh/extensions/gh-codeql/dist/release/v2.27.1/actions/codeql-extractor.yml.
[2026-09-23 01:47:25] [DETAILS] resolve languages> Parsing /home/codespace/.local/share/gh/extensions/gh-codeql/dist/release/v2.27.1/yaml/codeql-extractor.yml.
[2026-09-23 01:47:25] [DETAILS] resolve languages> Parsing /home/codespace/.local/share/gh/extensions/gh-codeql/dist/release/v2.27.1/cpp/codeql-extractor.yml.
[2026-09-23 01:47:25] [DETAILS] resolve languages> Parsing /home/codespace/.local/share/gh/extensions/gh-codeql/dist/release/v2.27.1/swift/codeql-extractor.yml.
[2026-09-23 01:47:25] [DETAILS] resolve languages> Parsing /home/codespace/.local/share/gh/extensions/gh-codeql/dist/release/v2.27.1/python/codeql-extractor.yml.
[2026-09-23 01:47:25] [DETAILS] resolve languages> Parsing /home/codespace/.local/share/gh/extensions/gh-codeql/dist/release/v2.27.1/go/codeql-extractor.yml.
[2026-09-23 01:47:25] [DETAILS] resolve languages> Parsing /home/codespace/.local/share/gh/extensions/gh-codeql/dist/release/v2.27.1/properties/codeql-extractor.yml.
[2026-09-23 01:47:25] [DETAILS] resolve languages> Parsing /home/codespace/.local/share/gh/extensions/gh-codeql/dist/release/v2.27.1/html/codeql-extractor.yml.
[2026-09-23 01:47:25] [DETAILS] resolve languages> Parsing /home/codespace/.local/share/gh/extensions/gh-codeql/dist/release/v2.27.1/xml/codeql-extractor.yml.
[2026-09-23 01:47:25] [DETAILS] resolve languages> Parsing /home/codespace/.local/share/gh/extensions/gh-codeql/dist/release/v2.27.1/java/codeql-extractor.yml.
[2026-09-23 01:47:25] [DETAILS] resolve languages> Parsing /home/codespace/.local/share/gh/extensions/gh-codeql/dist/release/v2.27.1/ruby/codeql-extractor.yml.
[2026-09-23 01:47:25] [DETAILS] resolve languages> Parsing /home/codespace/.local/share/gh/extensions/gh-codeql/dist/release/v2.27.1/csharp/codeql-extractor.yml.
[2026-09-23 01:47:25] Plumbing command codeql resolve languages completed:
                      {
                        "aliases" : {
                          "c" : "cpp",
                          "c++" : "cpp",
                          "c-c++" : "cpp",
                          "c-cpp" : "cpp",
                          "c#" : "csharp",
                          "java-kotlin" : "java",
                          "kotlin" : "java",
                          "javascript-typescript" : "javascript",
                          "typescript" : "javascript"
                        },
                        "extractors" : {
                          "rust" : [
                            {
                              "extractor_root" : "/home/codespace/.local/share/gh/extensions/gh-codeql/dist/release/v2.27.1/rust",
                              "extractor_options" : {
                                "trap" : {
                                  "title" : "Options pertaining to TRAP.",
                                  "description" : "Options pertaining to TRAP.",
                                  "type" : "object",
                                  "properties" : {
                                    "compression" : {
                                      "title" : "Controls compression for the TRAP files written by the extractor.",
                                      "description" : "This option is only intended for use in debugging the extractor. Accepted values are 'gzip' (to write gzip-compressed TRAP) 'zstd' (the default, to write Zstandard-compressed TRAP) and 'none' (to write uncompressed TRAP).\n",
                                      "type" : "string",
                                      "pattern" : "^(none|gzip|zstd)$"
                                    }
                                  }
                                },
                                "cargo_target_dir" : {
                                  "title" : "Directory to use for cargo output files.",
                                  "description" : "This value is an optional path to use as `CARGO_TARGET_DIR` for the internal cargo commands the extractor uses. Pointing it to a persistent directory may reduce execution time of consecutive extractor runs. By default, a new scratch directory is used for each extraction, while qltests use the test's `target` directory so artifacts can be reused across runs.\n",
                                  "type" : "string"
                                },
                                "cargo_target" : {
                                  "title" : "Target architecture",
                                  "description" : "Target architecture to use for analysis, analogous to `cargo --target`. By default the host architecture is used.\n",
                                  "type" : "string"
                                },
                                "cargo_features" : {
                                  "title" : "Cargo features to turn on",
                                  "description" : "Comma-separated list of features to turn on. By default all features are enabled. If any features are specified, then only those features are enabled. The `default` feature must be explicitly specified if only default features are desired. Can be repeated.\n",
                                  "type" : "array"
                                },
                                "cargo_cfg_overrides" : {
                                  "title" : "Cargo cfg overrides",
                                  "description" : "Comma-separated list of cfg settings to enable, or disable if prefixed with `-`. Can be repeated.\n",
                                  "type" : "array"
                                },
                                "logging" : {
                                  "title" : "Options pertaining to logging.",
                                  "description" : "Options pertaining to logging.",
                                  "type" : "object",
                                  "properties" : {
                                    "verbosity" : {
                                      "title" : "Extractor logging verbosity level.",
                                      "description" : "Controls the level of verbosity of the extractor. The supported levels are (in order of increasing verbosity):\n  - off\n  - errors\n  - warnings\n  - info or progress\n  - debug or progress+\n  - trace or progress++\n  - progress+++\n",
                                      "type" : "string",
                                      "pattern" : "^(off|errors|warnings|(info|progress)|(debug|progress\\+)|(trace|progress\\+\\+)|progress\\+\\+\\+)$"
                                    },
                                    "flamegraph" : {
                                      "title" : "[Experimental] File path for write flame graph log",
                                      "description" : "Collect flame graph data using the `tracing-flame` crate. To render a flame graph or chart, run the `inferno-flamegraph` command. See also: https://crates.io/crates/tracing-flame\n",
                                      "type" : "string"
                                    }
                                  }
                                },
                                "extract_dependencies_as_source" : {
                                  "title" : "Extract dependencies as source code",
                                  "description" : "Extract the full source code of dependencies instead of only extracting signatures.\n",
                                  "type" : "string",
                                  "pattern" : "^(false|true)$"
                                }
                              }
                            }
                          ],
                          "javascript" : [
                            {
                              "extractor_root" : "/home/codespace/.local/share/gh/extensions/gh-codeql/dist/release/v2.27.1/javascript",
                              "extractor_options" : {
                                "skip_types" : {
                                  "title" : "Skip type extraction for TypeScript",
                                  "description" : "Whether to skip the extraction of types in a TypeScript application",
                                  "type" : "string",
                                  "pattern" : "^(false|true)$"
                                }
                              }
                            }
                          ],
                          "csv" : [
                            {
                              "extractor_root" : "/home/codespace/.local/share/gh/extensions/gh-codeql/dist/release/v2.27.1/csv"
                            }
                          ],
                          "actions" : [
                            {
                              "extractor_root" : "/home/codespace/.local/share/gh/extensions/gh-codeql/dist/release/v2.27.1/actions",
                              "extractor_options" : { }
                            }
                          ],
                          "yaml" : [
                            {
                              "extractor_root" : "/home/codespace/.local/share/gh/extensions/gh-codeql/dist/release/v2.27.1/yaml"
                            }
                          ],
                          "cpp" : [
                            {
                              "extractor_root" : "/home/codespace/.local/share/gh/extensions/gh-codeql/dist/release/v2.27.1/cpp",
                              "extractor_options" : {
                                "scale_timeouts" : {
                                  "title" : "Value to scale compiler introspection timeouts with",
                                  "description" : "The extractor attempts to determine what compiler the source code being extracted is compiled with. To this end the extractor makes additional calls to the compiler, some of which are expected to return within a certain fixed time (either 10s or 15s). On some systems that are under high load this time might be too short, and can be scaled up using this option.\n",
                                  "type" : "string",
                                  "pattern" : "[0-9]+"
                                },
                                "log_verbosity" : {
                                  "title" : "Verbosity of the extractor logging",
                                  "description" : "Set the verbosity of the extractor logging to 'quiet' (0), 'normal' (1), 'chatty' (2), or 'noisy' (3). The default is 'normal'.\n",
                                  "type" : "string",
                                  "pattern" : "[0-3]"
                                }
                              }
                            }
                          ],
                          "swift" : [
                            {
                              "extractor_root" : "/home/codespace/.local/share/gh/extensions/gh-codeql/dist/release/v2.27.1/swift"
                            }
                          ],
                          "python" : [
                            {
                              "extractor_root" : "/home/codespace/.local/share/gh/extensions/gh-codeql/dist/release/v2.27.1/python",
                              "extractor_options" : {
                                "logging" : {
                                  "title" : "Options pertaining to logging.",
                                  "description" : "Options pertaining to logging.",
                                  "type" : "object",
                                  "properties" : {
                                    "verbosity" : {
                                      "title" : "Python extractor logging verbosity level.",
                                      "description" : "Controls the level of verbosity of the CodeQL Python extractor.\nThe supported levels are (in order of increasing verbosity):\n\n  - off\n  - errors\n  - warnings\n  - info or progress\n  - debug or progress+\n  - trace or progress++\n  - progress+++\n",
                                      "type" : "string",
                                      "pattern" : "^(off|errors|warnings|(info|progress)|(debug|progress\\+)|(trace|progress\\+\\+)|progress\\+\\+\\+)$"
                                    }
                                  }
                                },
                                "python_executable_name" : {
                                  "title" : "Controls the name of the Python executable used by the Python extractor.",
                                  "description" : "The Python extractor uses platform-dependent heuristics to determine the name of the Python executable to use. Specifying a value for this option overrides the name of the Python executable used by the extractor. Accepted values are py, python and python3. Use this setting with caution, the Python extractor requires Python 3 to run.\n",
                                  "type" : "string",
                                  "pattern" : "^(py|python|python3)$"
                                }
                              }
                            }
                          ],
                          "go" : [
                            {
                              "extractor_root" : "/home/codespace/.local/share/gh/extensions/gh-codeql/dist/release/v2.27.1/go",
                              "extractor_options" : {
                                "extract_tests" : {
                                  "title" : "Whether to include Go test files in the CodeQL database.",
                                  "description" : "A value indicating whether Go test files should be included in the CodeQL database. The default is 'false'.\n",
                                  "type" : "string",
                                  "pattern" : "^(false|true)$"
                                },
                                "extract_vendor_dirs" : {
                                  "title" : "Whether to include Go vendor directories in the CodeQL database.",
                                  "description" : "A value indicating whether Go vendor directories should be included in the CodeQL database. The default is 'false'.\n",
                                  "type" : "string",
                                  "pattern" : "^(false|true)$"
                                }
                              }
                            }
                          ],
                          "properties" : [
                            {
                              "extractor_root" : "/home/codespace/.local/share/gh/extensions/gh-codeql/dist/release/v2.27.1/properties"
                            }
                          ],
                          "html" : [
                            {
                              "extractor_root" : "/home/codespace/.local/share/gh/extensions/gh-codeql/dist/release/v2.27.1/html"
                            }
                          ],
                          "xml" : [
                            {
                              "extractor_root" : "/home/codespace/.local/share/gh/extensions/gh-codeql/dist/release/v2.27.1/xml"
                            }
                          ],
                          "java" : [
                            {
                              "extractor_root" : "/home/codespace/.local/share/gh/extensions/gh-codeql/dist/release/v2.27.1/java",
                              "extractor_options" : {
                                "exclude" : {
                                  "title" : "A glob excluding files from analysis.",
                                  "description" : "A glob indicating what files to exclude from the analysis. This accepts glob patterns that are supported by Java's 'getPathMatcher' implementation.\n",
                                  "type" : "string"
                                },
                                "add_prefer_source" : {
                                  "title" : "Whether to always prefer source files over class files.",
                                  "description" : "A value indicating whether source files should be preferred over class files. If set to 'true', the extraction adds '-Xprefer:source' to the javac command line. If set to 'false', the extraction uses the default javac behavior ('-Xprefer:newer'). The default is 'true'.\n",
                                  "type" : "string",
                                  "pattern" : "^(false|true)$"
                                },
                                "buildless" : {
                                  "title" : "Whether to use buildless (standalone) extraction (experimental).",
                                  "description" : "A value indicating, which type of extraction the autobuilder should perform. If 'true', then the standalone extractor will be used, otherwise tracing extraction will be performed. The default is 'false'. Note that buildless extraction will generally yield less accurate analysis results, and should only be used in cases where it is not possible to build the code (for example if it uses inaccessible dependencies).\n",
                                  "type" : "string",
                                  "pattern" : "^(false|true)$"
                                },
                                "buildless_dependency_dir" : {
                                  "title" : "The path where buildless (standalone) extraction should keep dependencies.",
                                  "description" : "If set, the buildless (standalone) extractor will store dependencies in this directory.\n",
                                  "type" : "string"
                                },
                                "minimize_dependency_jars" : {
                                  "title" : "Whether to rewrite and minimize downloaded JAR dependencies (experimental).",
                                  "description" : "If 'true', JAR dependencies downloaded during extraction will be rewritten to remove unneeded data, such as method bodies. The default is 'false'.\n",
                                  "type" : "string",
                                  "pattern" : "^(false|true)$"
                                }
                              }
                            }
                          ],
                          "ruby" : [
                            {
                              "extractor_root" : "/home/codespace/.local/share/gh/extensions/gh-codeql/dist/release/v2.27.1/ruby",
                              "extractor_options" : {
                                "trap" : {
                                  "title" : "Options pertaining to TRAP.",
                                  "description" : "Options pertaining to TRAP.",
                                  "type" : "object",
                                  "properties" : {
                                    "compression" : {
                                      "title" : "Controls compression for the TRAP files written by the extractor.",
                                      "description" : "This option is only intended for use in debugging the extractor. Accepted values are 'gzip' (the default, to write gzip-compressed TRAP) 'zstd' (to write Zstandard-compressed TRAP) and 'none' (to write uncompressed TRAP).\n",
                                      "type" : "string",
                                      "pattern" : "^(none|gzip|zstd)$"
                                    }
                                  }
                                }
                              }
                            }
                          ],
                          "csharp" : [
                            {
                              "extractor_root" : "/home/codespace/.local/share/gh/extensions/gh-codeql/dist/release/v2.27.1/csharp",
                              "extractor_options" : {
                                "trap" : {
                                  "title" : "Options pertaining to TRAP.",
                                  "description" : "Options pertaining to TRAP.",
                                  "type" : "object",
                                  "properties" : {
                                    "compression" : {
                                      "title" : "Controls compression for the TRAP files written by the extractor.",
                                      "description" : "This option is only intended for use in debugging the extractor. Accepted values are 'brotli' (the default, to write brotli-compressed TRAP), 'gzip', and 'none' (to write uncompressed TRAP).\n",
                                      "type" : "string",
                                      "pattern" : "^(none|gzip|brotli)$"
                                    }
                                  }
                                },
                                "buildless" : {
                                  "title" : "DEPRECATED - Whether to use buildless (standalone) extraction.",
                                  "description" : "DEPRECATED: Use `--build-mode none` instead.\nA value indicating, which type of extraction the autobuilder should perform. If 'true', then the standalone extractor will be used, otherwise tracing extraction will be performed. The default is 'false'. Note that buildless extraction will generally yield less accurate analysis results, and should only be used in cases where it is not possible to build the code (for example if it uses inaccessible dependencies).\n",
                                  "type" : "string",
                                  "pattern" : "^(false|true)$"
                                },
                                "logging" : {
                                  "title" : "Options pertaining to logging.",
                                  "description" : "Options pertaining to logging.",
                                  "type" : "object",
                                  "properties" : {
                                    "verbosity" : {
                                      "title" : "Extractor logging verbosity level.",
                                      "description" : "Controls the level of verbosity of the extractor. The supported levels are (in order of increasing verbosity):\n  - off\n  - errors\n  - warnings\n  - info or progress\n  - debug or progress+\n  - trace or progress++\n  - progress+++\n",
                                      "type" : "string",
                                      "pattern" : "^(off|errors|warnings|(info|progress)|(debug|progress\\+)|(trace|progress\\+\\+)|progress\\+\\+\\+)$"
                                    }
                                  }
                                },
                                "binlog" : {
                                  "title" : "Binlog",
                                  "description" : "[EXPERIMENTAL] The value is a path to the MsBuild binary log file that should be extracted. This option only works when `--build-mode none` is also specified.\n",
                                  "type" : "array"
                                },
                                "buildless_dependency_dir" : {
                                  "title" : "The path where buildless (standalone) extraction should keep dependencies.",
                                  "description" : "If set, the buildless (standalone) extractor will store dependencies in this directory.\n",
                                  "type" : "string"
                                }
                              }
                            }
                          ]
                        }
                      }
[2026-09-23 01:47:25] [PROGRESS] database init> Calculating baseline information in /workspaces/cybr621-lab2-Memory-Safety-Validation
[2026-09-23 01:47:25] [SPAMMY] database init> Ignoring the following directories when processing baseline information: .git, .hg, .svn.
[2026-09-23 01:47:25] [DETAILS] database init> Running command in /workspaces/cybr621-lab2-Memory-Safety-Validation: /home/codespace/.local/share/gh/extensions/gh-codeql/dist/release/v2.27.1/tools/linux64/scc --no-config --by-file --exclude-dir .git,.hg,.svn --format json --no-large --no-min .
[2026-09-23 01:47:25] Using configure-baseline script /home/codespace/.local/share/gh/extensions/gh-codeql/dist/release/v2.27.1/actions/tools/configure-baseline.sh.
[2026-09-23 01:47:25] [PROGRESS] database init> Running command in /workspaces/cybr621-lab2-Memory-Safety-Validation: [/home/codespace/.local/share/gh/extensions/gh-codeql/dist/release/v2.27.1/actions/tools/configure-baseline.sh]
[2026-09-23 01:47:25] [SPAMMY] database init> Ignored an additional 1 files when processing baseline information for YAML due to paths and paths-ignore configuration.
[2026-09-23 01:47:25] [SPAMMY] database init> Found 2 baseline files for cpp.
[2026-09-23 01:47:25] [SPAMMY] database init> Found 0 baseline files for actions.
[2026-09-23 01:47:25] [PROGRESS] database init> Calculated baseline information for languages: actions, cpp (126ms).
[2026-09-23 01:47:25] [SPAMMY] database init> Selected JGit Git client for /workspaces/cybr621-lab2-Memory-Safety-Validation because the repository uses SHA-1 object format.
[2026-09-23 01:47:26] [PROGRESS] database init> Resolving extractor cpp.
[2026-09-23 01:47:26] [DETAILS] database init> Found candidate extractor root for cpp: /home/codespace/.local/share/gh/extensions/gh-codeql/dist/release/v2.27.1/cpp.
[2026-09-23 01:47:26] [PROGRESS] database init> Successfully loaded extractor C/C++ (cpp) from /home/codespace/.local/share/gh/extensions/gh-codeql/dist/release/v2.27.1/cpp.
[2026-09-23 01:47:26] [PROGRESS] database init> Created skeleton CodeQL database at /workspaces/cybr621-lab2-Memory-Safety-Validation/codeql-db. This in-progress database is ready to be populated by an extractor.
[2026-09-23 01:47:26] Plumbing command codeql database init completed.
[2026-09-23 01:47:26] [PROGRESS] database create> Running build command: [gcc, -Wall, -Wextra, -Wpedantic, -c, assistant1.c, assistant2.c]
[2026-09-23 01:47:26] Running plumbing command: codeql database trace-command --working-dir=/workspaces/cybr621-lab2-Memory-Safety-Validation --index-traceless-dbs --no-db-cluster -- /workspaces/cybr621-lab2-Memory-Safety-Validation/codeql-db gcc -Wall -Wextra -Wpedantic -c assistant1.c assistant2.c
[2026-09-23 01:47:26] [PROGRESS] database trace-command> Running command in /workspaces/cybr621-lab2-Memory-Safety-Validation: [gcc, -Wall, -Wextra, -Wpedantic, -c, assistant1.c, assistant2.c]
[2026-09-23 01:47:28] Plumbing command codeql database trace-command completed.
[2026-09-23 01:47:28] [PROGRESS] database create> Finalizing database at /workspaces/cybr621-lab2-Memory-Safety-Validation/codeql-db.
[2026-09-23 01:47:28] Running plumbing command: codeql database finalize --no-db-cluster -- /workspaces/cybr621-lab2-Memory-Safety-Validation/codeql-db
[2026-09-23 01:47:28] Using pre-finalize script /home/codespace/.local/share/gh/extensions/gh-codeql/dist/release/v2.27.1/cpp/tools/pre-finalize.sh.
[2026-09-23 01:47:28] [PROGRESS] database finalize> Running pre-finalize script /home/codespace/.local/share/gh/extensions/gh-codeql/dist/release/v2.27.1/cpp/tools/pre-finalize.sh in /workspaces/cybr621-lab2-Memory-Safety-Validation.
[2026-09-23 01:47:28] Running plumbing command: codeql database trace-command --working-dir=/workspaces/cybr621-lab2-Memory-Safety-Validation --no-tracing -- /workspaces/cybr621-lab2-Memory-Safety-Validation/codeql-db /home/codespace/.local/share/gh/extensions/gh-codeql/dist/release/v2.27.1/cpp/tools/pre-finalize.sh
[2026-09-23 01:47:28] [PROGRESS] database trace-command> Running command in /workspaces/cybr621-lab2-Memory-Safety-Validation: [/home/codespace/.local/share/gh/extensions/gh-codeql/dist/release/v2.27.1/cpp/tools/pre-finalize.sh]
[2026-09-23 01:47:28] Plumbing command codeql database trace-command completed.
[2026-09-23 01:47:28] [PROGRESS] database finalize> Pre-finalize script /home/codespace/.local/share/gh/extensions/gh-codeql/dist/release/v2.27.1/cpp/tools/pre-finalize.sh completed in 56 ms.
[2026-09-23 01:47:28] [PROGRESS] database finalize> Running TRAP import for CodeQL database at /workspaces/cybr621-lab2-Memory-Safety-Validation/codeql-db...
[2026-09-23 01:47:28] Running plumbing command: codeql dataset import --dbscheme=/home/codespace/.local/share/gh/extensions/gh-codeql/dist/release/v2.27.1/cpp/semmlecode.cpp.dbscheme -- /workspaces/cybr621-lab2-Memory-Safety-Validation/codeql-db/db-cpp /workspaces/cybr621-lab2-Memory-Safety-Validation/codeql-db/trap/cpp
[2026-09-23 01:47:29] Clearing disk cache since the version file /workspaces/cybr621-lab2-Memory-Safety-Validation/codeql-db/db-cpp/default/cache/version does not exist
[2026-09-23 01:47:29] Tuple pool not found. Clearing relations with cached strings
[2026-09-23 01:47:29] Trimming disk cache at /workspaces/cybr621-lab2-Memory-Safety-Validation/codeql-db/db-cpp/default/cache in mode clear.
[2026-09-23 01:47:29] Sequence stamp origin is -5865344567471261200
[2026-09-23 01:47:29] Pausing evaluation to hard-clear memory at sequence stamp o+0
[2026-09-23 01:47:29] Unpausing evaluation
[2026-09-23 01:47:29] Pausing evaluation to quickly trim disk at sequence stamp o+1
[2026-09-23 01:47:29] Unpausing evaluation
[2026-09-23 01:47:29] Pausing evaluation to zealously trim disk at sequence stamp o+2
[2026-09-23 01:47:29] Unpausing evaluation
[2026-09-23 01:47:29] Trimming completed (13ms): Purged everything.
[2026-09-23 01:47:29] Scanning for files in /workspaces/cybr621-lab2-Memory-Safety-Validation/codeql-db/trap/cpp
[2026-09-23 01:47:29] Found 5 files on disk containing 87 TRAP files (692.54 KiB)
[2026-09-23 01:47:29] [PROGRESS] dataset import> Importing TRAP files
[2026-09-23 01:47:29] Importing cpp_predefined.acb19af8.trap (assistant1.c.921f2884_0.trap.tar.zst) (1 of 87)
[2026-09-23 01:47:29] Importing wordsize.h.92468457.trap (assistant1.c.921f2884_0.trap.tar.zst) (2 of 87)
[2026-09-23 01:47:29] Importing timesize.h.00d5e597.trap (assistant1.c.921f2884_0.trap.tar.zst) (3 of 87)
[2026-09-23 01:47:29] Importing features-time64.h.736f5777.trap (assistant1.c.921f2884_0.trap.tar.zst) (4 of 87)
[2026-09-23 01:47:29] Importing stdc-predef.h.c6e479d9.trap (assistant1.c.921f2884_0.trap.tar.zst) (5 of 87)
[2026-09-23 01:47:29] Importing long-double.h.50566853.trap (assistant1.c.921f2884_0.trap.tar.zst) (6 of 87)
[2026-09-23 01:47:29] Importing cdefs.h.9fdbc117.trap (assistant1.c.921f2884_0.trap.tar.zst) (7 of 87)
[2026-09-23 01:47:30] Importing stubs-64.h.c6e479d9.trap (assistant1.c.921f2884_0.trap.tar.zst) (8 of 87)
[2026-09-23 01:47:30] Importing stubs.h.5a6a849c.trap (assistant1.c.921f2884_0.trap.tar.zst) (9 of 87)
[2026-09-23 01:47:30] Importing features.h.14646c38.trap (assistant1.c.921f2884_0.trap.tar.zst) (10 of 87)
[2026-09-23 01:47:30] Importing libc-header-start.h.47a86c38.trap (assistant1.c.921f2884_0.trap.tar.zst) (11 of 87)
[2026-09-23 01:47:30] Importing stddef.h.ea79afb5.trap (assistant1.c.921f2884_0.trap.tar.zst) (12 of 87)
[2026-09-23 01:47:30] Importing stdarg.h.49828e20.trap (assistant1.c.921f2884_0.trap.tar.zst) (13 of 87)
[2026-09-23 01:47:30] Importing typesizes.h.f8f8da78.trap (assistant1.c.921f2884_0.trap.tar.zst) (14 of 87)
[2026-09-23 01:47:30] Importing time64.h.18e096c5.trap (assistant1.c.921f2884_0.trap.tar.zst) (15 of 87)
[2026-09-23 01:47:30] Importing types.h.68520355.trap (assistant1.c.921f2884_0.trap.tar.zst) (16 of 87)
[2026-09-23 01:47:30] Importing __mbstate_t.h.2c5b3ab1.trap (assistant1.c.921f2884_0.trap.tar.zst) (17 of 87)
[2026-09-23 01:47:30] Importing __fpos_t.h.ec74182e.trap (assistant1.c.921f2884_0.trap.tar.zst) (18 of 87)
[2026-09-23 01:47:30] Importing __fpos64_t.h.f21a2833.trap (assistant1.c.921f2884_0.trap.tar.zst) (19 of 87)
[2026-09-23 01:47:30] Importing __FILE.h.b62565c1.trap (assistant1.c.921f2884_0.trap.tar.zst) (20 of 87)
[2026-09-23 01:47:30] Importing FILE.h.07e87bfb.trap (assistant1.c.921f2884_0.trap.tar.zst) (21 of 87)
[2026-09-23 01:47:30] Importing struct_FILE.h.842638a9.trap (assistant1.c.921f2884_0.trap.tar.zst) (22 of 87)
[2026-09-23 01:47:30] Importing cookie_io_functions_t.h.c2939943.trap (assistant1.c.921f2884_0.trap.tar.zst) (23 of 87)
[2026-09-23 01:47:30] Importing stdio_lim.h.05b7f7f1.trap (assistant1.c.921f2884_0.trap.tar.zst) (24 of 87)
[2026-09-23 01:47:30] Importing floatn-common.h.9fc579a0.trap (assistant1.c.921f2884_0.trap.tar.zst) (25 of 87)
[2026-09-23 01:47:30] Importing floatn.h.f449be45.trap (assistant1.c.921f2884_0.trap.tar.zst) (26 of 87)
[2026-09-23 01:47:30] Importing stdio.h.e62e6e10.trap (assistant1.c.921f2884_0.trap.tar.zst) (27 of 87)
[2026-09-23 01:47:30] Importing assistant1.c.921f2884.trap (assistant1.c.921f2884_0.trap.tar.zst) (28 of 87)
[2026-09-23 01:47:30] Importing features.h.c0b06b9f.trap (assistant2.c.1a412b9c_0.trap.tar.zst) (29 of 87)
[2026-09-23 01:47:30] Importing errno-base.h.bfeb891a.trap (assistant2.c.1a412b9c_0.trap.tar.zst) (30 of 87)
[2026-09-23 01:47:30] Importing errno.h.a2eafd84.trap (assistant2.c.1a412b9c_0.trap.tar.zst) (31 of 87)
[2026-09-23 01:47:30] Importing errno.h.195ecf61.trap (assistant2.c.1a412b9c_0.trap.tar.zst) (32 of 87)
[2026-09-23 01:47:30] Importing errno.h.e752ab38.trap (assistant2.c.1a412b9c_0.trap.tar.zst) (33 of 87)
[2026-09-23 01:47:30] Importing errno.h.5bc3e31d.trap (assistant2.c.1a412b9c_0.trap.tar.zst) (34 of 87)
[2026-09-23 01:47:30] Importing errno.h.09868d05.trap (assistant2.c.1a412b9c_0.trap.tar.zst) (35 of 87)
[2026-09-23 01:47:30] Importing fcntl-linux.h.d68bfb5a.trap (assistant2.c.1a412b9c_0.trap.tar.zst) (36 of 87)
[2026-09-23 01:47:30] Importing fcntl.h.c31d4713.trap (assistant2.c.1a412b9c_0.trap.tar.zst) (37 of 87)
[2026-09-23 01:47:30] Importing endianness.h.1999a564.trap (assistant2.c.1a412b9c_0.trap.tar.zst) (38 of 87)
[2026-09-23 01:47:30] Importing endian.h.a1618c87.trap (assistant2.c.1a412b9c_0.trap.tar.zst) (39 of 87)
[2026-09-23 01:47:30] Importing time_t.h.6396c2b8.trap (assistant2.c.1a412b9c_0.trap.tar.zst) (40 of 87)
[2026-09-23 01:47:30] Importing struct_timespec.h.79e126db.trap (assistant2.c.1a412b9c_0.trap.tar.zst) (41 of 87)
[2026-09-23 01:47:30] Importing struct_stat.h.7df66c45.trap (assistant2.c.1a412b9c_0.trap.tar.zst) (42 of 87)
[2026-09-23 01:47:30] Importing stat.h.46e1421e.trap (assistant2.c.1a412b9c_0.trap.tar.zst) (43 of 87)
[2026-09-23 01:47:30] Importing fcntl.h.8a134bf6.trap (assistant2.c.1a412b9c_0.trap.tar.zst) (44 of 87)
[2026-09-23 01:47:30] Importing stdio.h.898bc1db.trap (assistant2.c.1a412b9c_0.trap.tar.zst) (45 of 87)
[2026-09-23 01:47:30] Importing libc-header-start.h.ce7c3e95.trap (assistant2.c.1a412b9c_0.trap.tar.zst) (46 of 87)
[2026-09-23 01:47:30] Importing stddef.h.96662d69.trap (assistant2.c.1a412b9c_0.trap.tar.zst) (47 of 87)
[2026-09-23 01:47:30] Importing waitflags.h.1ed736a4.trap (assistant2.c.1a412b9c_0.trap.tar.zst) (48 of 87)
[2026-09-23 01:47:30] Importing waitstatus.h.9b882f51.trap (assistant2.c.1a412b9c_0.trap.tar.zst) (49 of 87)
[2026-09-23 01:47:30] Importing clock_t.h.61e99454.trap (assistant2.c.1a412b9c_0.trap.tar.zst) (50 of 87)
[2026-09-23 01:47:30] Importing clockid_t.h.6ad7214c.trap (assistant2.c.1a412b9c_0.trap.tar.zst) (51 of 87)
[2026-09-23 01:47:30] Importing timer_t.h.47964e39.trap (assistant2.c.1a412b9c_0.trap.tar.zst) (52 of 87)
[2026-09-23 01:47:30] Importing stddef.h.3eaa8a8d.trap (assistant2.c.1a412b9c_0.trap.tar.zst) (53 of 87)
[2026-09-23 01:47:30] Importing stdint-intn.h.93b3e97e.trap (assistant2.c.1a412b9c_0.trap.tar.zst) (54 of 87)
[2026-09-23 01:47:30] Importing pthreadtypes-arch.h.cfce5b81.trap (assistant2.c.1a412b9c_0.trap.tar.zst) (55 of 87)
[2026-09-23 01:47:30] Importing atomic_wide_counter.h.c54fc7c0.trap (assistant2.c.1a412b9c_0.trap.tar.zst) (56 of 87)
[2026-09-23 01:47:30] Importing struct_mutex.h.dba14d39.trap (assistant2.c.1a412b9c_0.trap.tar.zst) (57 of 87)
[2026-09-23 01:47:30] Importing struct_rwlock.h.cac24554.trap (assistant2.c.1a412b9c_0.trap.tar.zst) (58 of 87)
[2026-09-23 01:47:30] Importing thread-shared-types.h.f896aff7.trap (assistant2.c.1a412b9c_0.trap.tar.zst) (59 of 87)
[2026-09-23 01:47:30] Importing pthreadtypes.h.2834aecb.trap (assistant2.c.1a412b9c_0.trap.tar.zst) (60 of 87)
[2026-09-23 01:47:30] Importing types.h.f91a635d.trap (assistant2.c.1a412b9c_0.trap.tar.zst) (61 of 87)
[2026-09-23 01:47:30] Importing stdlib-float.h.65c690d8.trap (assistant2.c.1a412b9c_0.trap.tar.zst) (62 of 87)
[2026-09-23 01:47:30] Importing stdlib.h.3ea116ab.trap (assistant2.c.1a412b9c_0.trap.tar.zst) (63 of 87)
[2026-09-23 01:47:30] Importing libc-header-start.h.c655c516.trap (assistant2.c.1a412b9c_0.trap.tar.zst) (64 of 87)
[2026-09-23 01:47:30] Importing stddef.h.d0dfc925.trap (assistant2.c.1a412b9c_0.trap.tar.zst) (65 of 87)
[2026-09-23 01:47:30] Importing __locale_t.h.458cb9a8.trap (assistant2.c.1a412b9c_0.trap.tar.zst) (66 of 87)
[2026-09-23 01:47:30] Importing locale_t.h.f5a98c5d.trap (assistant2.c.1a412b9c_0.trap.tar.zst) (67 of 87)
[2026-09-23 01:47:30] Importing string.h.fbb7f88c.trap (assistant2.c.1a412b9c_0.trap.tar.zst) (68 of 87)
[2026-09-23 01:47:30] Importing stat.h.2b5dca9e.trap (assistant2.c.1a412b9c_0.trap.tar.zst) (69 of 87)
[2026-09-23 01:47:30] Importing stat.h.32bf14d3.trap (assistant2.c.1a412b9c_0.trap.tar.zst) (70 of 87)
[2026-09-23 01:47:30] Importing stddef.h.b66de4b9.trap (assistant2.c.1a412b9c_0.trap.tar.zst) (71 of 87)
[2026-09-23 01:47:30] Importing time.h.1cfe66ca.trap (assistant2.c.1a412b9c_0.trap.tar.zst) (72 of 87)
[2026-09-23 01:47:30] Importing struct_tm.h.faf0445b.trap (assistant2.c.1a412b9c_0.trap.tar.zst) (73 of 87)
[2026-09-23 01:47:30] Importing struct_itimerspec.h.f9ae6d74.trap (assistant2.c.1a412b9c_0.trap.tar.zst) (74 of 87)
[2026-09-23 01:47:30] Importing time.h.2a4991ca.trap (assistant2.c.1a412b9c_0.trap.tar.zst) (75 of 87)
[2026-09-23 01:47:30] Importing posix_opt.h.396d5000.trap (assistant2.c.1a412b9c_0.trap.tar.zst) (76 of 87)
[2026-09-23 01:47:30] Importing environments.h.3278197b.trap (assistant2.c.1a412b9c_0.trap.tar.zst) (77 of 87)
[2026-09-23 01:47:30] Importing stddef.h.be76be33.trap (assistant2.c.1a412b9c_0.trap.tar.zst) (78 of 87)
[2026-09-23 01:47:30] Importing confname.h.e8893fe9.trap (assistant2.c.1a412b9c_0.trap.tar.zst) (79 of 87)
[2026-09-23 01:47:30] Importing getopt_core.h.131a54d6.trap (assistant2.c.1a412b9c_0.trap.tar.zst) (80 of 87)
[2026-09-23 01:47:30] Importing getopt_posix.h.3e6234fd.trap (assistant2.c.1a412b9c_0.trap.tar.zst) (81 of 87)
[2026-09-23 01:47:30] Importing unistd_ext.h.5fcb4509.trap (assistant2.c.1a412b9c_0.trap.tar.zst) (82 of 87)
[2026-09-23 01:47:30] Importing unistd.h.22c4955b.trap (assistant2.c.1a412b9c_0.trap.tar.zst) (83 of 87)
[2026-09-23 01:47:30] Importing assistant2.c.1a412b9c.trap (assistant2.c.1a412b9c_0.trap.tar.zst) (84 of 87)
[2026-09-23 01:47:30] Importing 36980902_0.trap.zst (85 of 87)
[2026-09-23 01:47:31] Importing 24247122_0.trap.zst (86 of 87)
[2026-09-23 01:47:31] Importing metadata.trap.gz (87 of 87)
[2026-09-23 01:47:31] [PROGRESS] dataset import> Merging relations
[2026-09-23 01:47:31] Merging 1 fragment for 'builtintypes'.
[2026-09-23 01:47:31] Merged 382 bytes for 'builtintypes'.
[2026-09-23 01:47:31] Merging 1 fragment for 'unspecifiedtype'.
[2026-09-23 01:47:31] Merged 1044 bytes (1.02 KiB) for 'unspecifiedtype'.
[2026-09-23 01:47:31] Merging 1 fragment for 'files'.
[2026-09-23 01:47:31] Merged 226 bytes for 'files'.
[2026-09-23 01:47:31] Merging 1 fragment for 'locations_default'.
[2026-09-23 01:47:31] Merged 48137 bytes (47.01 KiB) for 'locations_default'.
[2026-09-23 01:47:31] Merging 1 fragment for 'link_targets'.
[2026-09-23 01:47:31] Merged 26 bytes for 'link_targets'.
[2026-09-23 01:47:31] Merging 1 fragment for 'usertypes'.
[2026-09-23 01:47:31] Merged 555 bytes for 'usertypes'.
[2026-09-23 01:47:31] Merging 1 fragment for 'link_parent'.
[2026-09-23 01:47:31] Merged 442 bytes for 'link_parent'.
[2026-09-23 01:47:31] Merging 1 fragment for 'usertypesize'.
[2026-09-23 01:47:31] Merged 162 bytes for 'usertypesize'.
[2026-09-23 01:47:31] Merging 1 fragment for 'is_pod_class'.
[2026-09-23 01:47:31] Merged 59 bytes for 'is_pod_class'.
[2026-09-23 01:47:31] Merging 1 fragment for 'is_standard_layout_class'.
[2026-09-23 01:47:31] Merged 59 bytes for 'is_standard_layout_class'.
[2026-09-23 01:47:31] Merging 1 fragment for 'is_complete'.
[2026-09-23 01:47:31] Merged 59 bytes for 'is_complete'.
[2026-09-23 01:47:31] Merging 1 fragment for 'membervariables'.
[2026-09-23 01:47:31] Merged 602 bytes for 'membervariables'.
[2026-09-23 01:47:31] Merging 1 fragment for 'fieldoffsets'.
[2026-09-23 01:47:31] Merged 329 bytes for 'fieldoffsets'.
[2026-09-23 01:47:31] Merging 1 fragment for 'var_decls'.
[2026-09-23 01:47:31] Merged 5272 bytes (5.15 KiB) for 'var_decls'.
[2026-09-23 01:47:31] Merging 1 fragment for 'var_def'.
[2026-09-23 01:47:31] Merged 212 bytes for 'var_def'.
[2026-09-23 01:47:31] Merging 1 fragment for 'derivedtypes'.
[2026-09-23 01:47:31] Merged 819 bytes for 'derivedtypes'.
[2026-09-23 01:47:31] Merging 1 fragment for 'pointerishsize'.
[2026-09-23 01:47:31] Merged 126 bytes for 'pointerishsize'.
[2026-09-23 01:47:31] Merging 1 fragment for 'member'.
[2026-09-23 01:47:31] Merged 451 bytes for 'member'.
[2026-09-23 01:47:31] Merging 1 fragment for 'namespaces'.
[2026-09-23 01:47:31] Merged 26 bytes for 'namespaces'.
[2026-09-23 01:47:31] Merging 1 fragment for 'specialnamequalifyingelements'.
[2026-09-23 01:47:31] Merged 27 bytes for 'specialnamequalifyingelements'.
[2026-09-23 01:47:31] Merging 1 fragment for 'mangled_name'.
[2026-09-23 01:47:31] Merged 1097 bytes (1.07 KiB) for 'mangled_name'.
[2026-09-23 01:47:31] Merging 1 fragment for 'specifiers'.
[2026-09-23 01:47:31] Merged 149 bytes for 'specifiers'.
[2026-09-23 01:47:31] Merging 1 fragment for 'numlines'.
[2026-09-23 01:47:31] Merged 508 bytes for 'numlines'.
[2026-09-23 01:47:31] Merging 1 fragment for 'preprocdirects'.
[2026-09-23 01:47:31] Merged 10349 bytes (10.11 KiB) for 'preprocdirects'.
[2026-09-23 01:47:31] Merging 1 fragment for 'preproctext'.
[2026-09-23 01:47:31] Merged 7763 bytes (7.58 KiB) for 'preproctext'.
[2026-09-23 01:47:31] Merging 1 fragment for 'preproctrue'.
[2026-09-23 01:47:31] Merged 534 bytes for 'preproctrue'.
[2026-09-23 01:47:31] Merging 1 fragment for 'macroinvocations'.
[2026-09-23 01:47:31] Merged 11005 bytes (10.75 KiB) for 'macroinvocations'.
[2026-09-23 01:47:31] Merging 1 fragment for 'comments'.
[2026-09-23 01:47:31] Merged 5459 bytes (5.33 KiB) for 'comments'.
[2026-09-23 01:47:31] Merging 1 fragment for 'commentbinding'.
[2026-09-23 01:47:31] Merged 3492 bytes (3.41 KiB) for 'commentbinding'.
[2026-09-23 01:47:31] Merging 1 fragment for 'containerparent'.
[2026-09-23 01:47:31] Merged 226 bytes for 'containerparent'.
[2026-09-23 01:47:31] Merging 1 fragment for 'folders'.
[2026-09-23 01:47:31] Merged 74 bytes for 'folders'.
[2026-09-23 01:47:31] Merging 1 fragment for 'preprocpair'.
[2026-09-23 01:47:31] Merged 2999 bytes (2.93 KiB) for 'preprocpair'.
[2026-09-23 01:47:31] Merging 1 fragment for 'includes'.
[2026-09-23 01:47:31] Merged 410 bytes for 'includes'.
[2026-09-23 01:47:31] Merging 1 fragment for 'preprocfalse'.
[2026-09-23 01:47:31] Merged 408 bytes for 'preprocfalse'.
[2026-09-23 01:47:31] Merging 1 fragment for 'macro_argument_unexpanded'.
[2026-09-23 01:47:31] Merged 2553 bytes (2.49 KiB) for 'macro_argument_unexpanded'.
[2026-09-23 01:47:31] Merging 1 fragment for 'macro_argument_expanded'.
[2026-09-23 01:47:31] Merged 2600 bytes (2.54 KiB) for 'macro_argument_expanded'.
[2026-09-23 01:47:31] Merging 1 fragment for 'macroparent'.
[2026-09-23 01:47:31] Merged 2143 bytes (2.09 KiB) for 'macroparent'.
[2026-09-23 01:47:31] Merging 1 fragment for 'usertype_alias_kind'.
[2026-09-23 01:47:31] Merged 180 bytes for 'usertype_alias_kind'.
[2026-09-23 01:47:31] Merging 1 fragment for 'typedefbase'.
[2026-09-23 01:47:31] Merged 359 bytes for 'typedefbase'.
[2026-09-23 01:47:31] Merging 1 fragment for 'type_decls'.
[2026-09-23 01:47:31] Merged 654 bytes for 'type_decls'.
[2026-09-23 01:47:31] Merging 1 fragment for 'type_decl_top'.
[2026-09-23 01:47:31] Merged 192 bytes for 'type_decl_top'.
[2026-09-23 01:47:31] Merging 1 fragment for 'arraysizes'.
[2026-09-23 01:47:31] Merged 194 bytes for 'arraysizes'.
[2026-09-23 01:47:31] Merging 1 fragment for 'type_mentions'.
[2026-09-23 01:47:31] Merged 1479 bytes (1.44 KiB) for 'type_mentions'.
[2026-09-23 01:47:31] Merging 1 fragment for 'type_def'.
[2026-09-23 01:47:31] Merged 63 bytes for 'type_def'.
[2026-09-23 01:47:31] Merging 1 fragment for 'values'.
[2026-09-23 01:47:31] Merged 2139 bytes (2.09 KiB) for 'values'.
[2026-09-23 01:47:31] Merging 1 fragment for 'exprs'.
[2026-09-23 01:47:31] Merged 3684 bytes (3.60 KiB) for 'exprs'.
[2026-09-23 01:47:31] Merging 1 fragment for 'expr_types'.
[2026-09-23 01:47:31] Merged 2934 bytes (2.87 KiB) for 'expr_types'.
[2026-09-23 01:47:31] Merging 1 fragment for 'valuebind'.
[2026-09-23 01:47:31] Merged 1873 bytes (1.83 KiB) for 'valuebind'.
[2026-09-23 01:47:31] Merging 1 fragment for 'inmacroexpansion'.
[2026-09-23 01:47:31] Merged 1146 bytes (1.12 KiB) for 'inmacroexpansion'.
[2026-09-23 01:47:31] Merging 1 fragment for 'macrolocationbind'.
[2026-09-23 01:47:31] Merged 858 bytes for 'macrolocationbind'.
[2026-09-23 01:47:31] Merging 1 fragment for 'varspecifiers'.
[2026-09-23 01:47:31] Merged 1771 bytes (1.73 KiB) for 'varspecifiers'.
[2026-09-23 01:47:31] Merging 1 fragment for 'valuetext'.
[2026-09-23 01:47:31] Merged 778 bytes for 'valuetext'.
[2026-09-23 01:47:31] Merging 1 fragment for 'compgenerated'.
[2026-09-23 01:47:31] Merged 137 bytes for 'compgenerated'.
[2026-09-23 01:47:31] Merging 1 fragment for 'sizeof_bind'.
[2026-09-23 01:47:31] Merged 35 bytes for 'sizeof_bind'.
[2026-09-23 01:47:31] Merging 1 fragment for 'exprconv'.
[2026-09-23 01:47:31] Merged 343 bytes for 'exprconv'.
[2026-09-23 01:47:31] Merging 1 fragment for 'conversionkinds'.
[2026-09-23 01:47:31] Merged 122 bytes for 'conversionkinds'.
[2026-09-23 01:47:31] Merging 1 fragment for 'exprparents'.
[2026-09-23 01:47:31] Merged 2361 bytes (2.31 KiB) for 'exprparents'.
[2026-09-23 01:47:31] Merging 1 fragment for 'routinetypes'.
[2026-09-23 01:47:31] Merged 107 bytes for 'routinetypes'.
[2026-09-23 01:47:31] Merging 1 fragment for 'routinetypeargs'.
[2026-09-23 01:47:31] Merged 277 bytes for 'routinetypeargs'.
[2026-09-23 01:47:31] Merging 1 fragment for 'typespecifiers'.
[2026-09-23 01:47:31] Merged 141 bytes for 'typespecifiers'.
[2026-09-23 01:47:31] Merging 1 fragment for 'functions'.
[2026-09-23 01:47:31] Merged 741 bytes for 'functions'.
[2026-09-23 01:47:31] Merging 1 fragment for 'function_return_type'.
[2026-09-23 01:47:31] Merged 737 bytes for 'function_return_type'.
[2026-09-23 01:47:31] Merging 1 fragment for 'function_prototyped'.
[2026-09-23 01:47:31] Merged 365 bytes for 'function_prototyped'.
[2026-09-23 01:47:31] Merging 1 fragment for 'params'.
[2026-09-23 01:47:31] Merged 3120 bytes (3.05 KiB) for 'params'.
[2026-09-23 01:47:31] Merging 1 fragment for 'globalvariables'.
[2026-09-23 01:47:31] Merged 97 bytes for 'globalvariables'.
[2026-09-23 01:47:31] Merging 1 fragment for 'fun_decls'.
[2026-09-23 01:47:31] Merged 1849 bytes (1.81 KiB) for 'fun_decls'.
[2026-09-23 01:47:31] Merging 1 fragment for 'fun_decl_specifiers'.
[2026-09-23 01:47:31] Merged 1835 bytes (1.79 KiB) for 'fun_decl_specifiers'.
[2026-09-23 01:47:31] Merging 1 fragment for 'param_decl_bind'.
[2026-09-23 01:47:31] Merged 2059 bytes (2.01 KiB) for 'param_decl_bind'.
[2026-09-23 01:47:31] Merging 1 fragment for 'funbind'.
[2026-09-23 01:47:31] Merged 273 bytes for 'funbind'.
[2026-09-23 01:47:31] Merging 1 fragment for 'funspecifiers'.
[2026-09-23 01:47:31] Merged 457 bytes for 'funspecifiers'.
[2026-09-23 01:47:31] Merging 1 fragment for 'attributes'.
[2026-09-23 01:47:31] Merged 3119 bytes (3.05 KiB) for 'attributes'.
[2026-09-23 01:47:31] Merging 1 fragment for 'funcattributes'.
[2026-09-23 01:47:31] Merged 1622 bytes (1.58 KiB) for 'funcattributes'.
[2026-09-23 01:47:31] Merging 1 fragment for 'attribute_arg_constant'.
[2026-09-23 01:47:31] Merged 573 bytes for 'attribute_arg_constant'.
[2026-09-23 01:47:31] Merging 1 fragment for 'attribute_args'.
[2026-09-23 01:47:31] Merged 1815 bytes (1.77 KiB) for 'attribute_args'.
[2026-09-23 01:47:31] Merging 1 fragment for 'attribute_arg_value'.
[2026-09-23 01:47:31] Merged 354 bytes for 'attribute_arg_value'.
[2026-09-23 01:47:31] Merging 1 fragment for 'attribute_arg_expr'.
[2026-09-23 01:47:31] Merged 68 bytes for 'attribute_arg_expr'.
[2026-09-23 01:47:31] Merging 1 fragment for 'builtin_functions'.
[2026-09-23 01:47:31] Merged 22 bytes for 'builtin_functions'.
[2026-09-23 01:47:31] Merging 1 fragment for 'var_decl_specifiers'.
[2026-09-23 01:47:31] Merged 47 bytes for 'var_decl_specifiers'.
[2026-09-23 01:47:31] Merging 1 fragment for 'extractor_version'.
[2026-09-23 01:47:31] Merged 28 bytes for 'extractor_version'.
[2026-09-23 01:47:31] Merging 1 fragment for 'fileannotations'.
[2026-09-23 01:47:31] Merged 375 bytes for 'fileannotations'.
[2026-09-23 01:47:31] Merging 1 fragment for 'fun_def'.
[2026-09-23 01:47:31] Merged 29 bytes for 'fun_def'.
[2026-09-23 01:47:31] Merging 1 fragment for 'affectedbymacroexpansion'.
[2026-09-23 01:47:31] Merged 713 bytes for 'affectedbymacroexpansion'.
[2026-09-23 01:47:31] Merging 1 fragment for 'stmts'.
[2026-09-23 01:47:31] Merged 644 bytes for 'stmts'.
[2026-09-23 01:47:31] Merging 1 fragment for 'expr_isload'.
[2026-09-23 01:47:31] Merged 147 bytes for 'expr_isload'.
[2026-09-23 01:47:31] Merging 1 fragment for 'stmtparents'.
[2026-09-23 01:47:31] Merged 680 bytes for 'stmtparents'.
[2026-09-23 01:47:31] Merging 1 fragment for 'if_then'.
[2026-09-23 01:47:31] Merged 107 bytes for 'if_then'.
[2026-09-23 01:47:31] Merging 1 fragment for 'localvariables'.
[2026-09-23 01:47:31] Merged 125 bytes for 'localvariables'.
[2026-09-23 01:47:31] Merging 1 fragment for 'stmt_decl_bind'.
[2026-09-23 01:47:31] Merged 91 bytes for 'stmt_decl_bind'.
[2026-09-23 01:47:31] Merging 1 fragment for 'stmt_decl_entry_bind'.
[2026-09-23 01:47:31] Merged 88 bytes for 'stmt_decl_entry_bind'.
[2026-09-23 01:47:31] Merging 1 fragment for 'blockscope'.
[2026-09-23 01:47:31] Merged 168 bytes for 'blockscope'.
[2026-09-23 01:47:31] Merging 1 fragment for 'function_entry_point'.
[2026-09-23 01:47:31] Merged 59 bytes for 'function_entry_point'.
[2026-09-23 01:47:31] Merging 1 fragment for 'varbind'.
[2026-09-23 01:47:31] Merged 539 bytes for 'varbind'.
[2026-09-23 01:47:31] Merging 1 fragment for 'iscall'.
[2026-09-23 01:47:31] Merged 94 bytes for 'iscall'.
[2026-09-23 01:47:31] Merging 1 fragment for 'initialisers'.
[2026-09-23 01:47:31] Merged 1049 bytes (1.02 KiB) for 'initialisers'.
[2026-09-23 01:47:31] Merging 1 fragment for 'typeattributes'.
[2026-09-23 01:47:31] Merged 29 bytes for 'typeattributes'.
[2026-09-23 01:47:31] Merging 1 fragment for 'expr_ancestor'.
[2026-09-23 01:47:31] Merged 40 bytes for 'expr_ancestor'.
[2026-09-23 01:47:31] Merging 1 fragment for 'enumconstants'.
[2026-09-23 01:47:31] Merged 1289 bytes (1.26 KiB) for 'enumconstants'.
[2026-09-23 01:47:31] Merging 1 fragment for 'jumpinfo'.
[2026-09-23 01:47:31] Merged 65 bytes for 'jumpinfo'.
[2026-09-23 01:47:31] Merging 1 fragment for 'while_body'.
[2026-09-23 01:47:31] Merged 36 bytes for 'while_body'.
[2026-09-23 01:47:31] Merging 1 fragment for 'for_condition'.
[2026-09-23 01:47:31] Merged 36 bytes for 'for_condition'.
[2026-09-23 01:47:31] Merging 1 fragment for 'for_body'.
[2026-09-23 01:47:31] Merged 36 bytes for 'for_body'.
[2026-09-23 01:47:31] Merging 1 fragment for 'for_initialization'.
[2026-09-23 01:47:31] Merged 36 bytes for 'for_initialization'.
[2026-09-23 01:47:31] Merging 1 fragment for 'for_update'.
[2026-09-23 01:47:31] Merged 36 bytes for 'for_update'.
[2026-09-23 01:47:31] Merging 1 fragment for 'compilations'.
[2026-09-23 01:47:31] Merged 34 bytes for 'compilations'.
[2026-09-23 01:47:31] Merging 1 fragment for 'compilation_args'.
[2026-09-23 01:47:31] Merged 140 bytes for 'compilation_args'.
[2026-09-23 01:47:31] Merging 1 fragment for 'compilation_expanded_args'.
[2026-09-23 01:47:31] Merged 140 bytes for 'compilation_expanded_args'.
[2026-09-23 01:47:31] Merging 1 fragment for 'compilation_compiling_files'.
[2026-09-23 01:47:31] Merged 44 bytes for 'compilation_compiling_files'.
[2026-09-23 01:47:31] Merging 1 fragment for 'compilation_time'.
[2026-09-23 01:47:31] Merged 146 bytes for 'compilation_time'.
[2026-09-23 01:47:31] Merging 1 fragment for 'compilation_finished'.
[2026-09-23 01:47:31] Merged 90 bytes for 'compilation_finished'.
[2026-09-23 01:47:31] Merging 1 fragment for 'sourceLocationPrefix'.
[2026-09-23 01:47:31] Merged 18 bytes for 'sourceLocationPrefix'.
[2026-09-23 01:47:31] Saving string and id pools to disk.
[2026-09-23 01:47:31] Finished importing TRAP files.
[2026-09-23 01:47:31] Read 5.06 MiB of uncompressed TRAP data.
[2026-09-23 01:47:31] Uncompressed relation data size: 653.34 KiB
[2026-09-23 01:47:31] Relation data size: 155.19 KiB (merge rate: 797.81 KiB/s)
[2026-09-23 01:47:31] String pool size: 2.13 MiB
[2026-09-23 01:47:31] ID pool size: 1.75 MiB
[2026-09-23 01:47:31] [PROGRESS] dataset import> Finished writing database (relations: 155.19 KiB; string pool: 2.13 MiB).
[2026-09-23 01:47:31] Pausing evaluation to close the cache at sequence stamp o+223
[2026-09-23 01:47:31] The disk cache is freshly trimmed; leave it be.
[2026-09-23 01:47:31] Unpausing evaluation
[2026-09-23 01:47:31] Plumbing command codeql dataset import completed.
[2026-09-23 01:47:31] [PROGRESS] database finalize> TRAP import complete (3s).
[2026-09-23 01:47:31] Running plumbing command: codeql database cleanup -- /workspaces/cybr621-lab2-Memory-Safety-Validation/codeql-db
[2026-09-23 01:47:31] [PROGRESS] database cleanup> Cleaning up existing TRAP files after import...
[2026-09-23 01:47:31] [PROGRESS] database cleanup> TRAP files cleaned up (5ms).
[2026-09-23 01:47:31] [PROGRESS] database cleanup> Cleaning up scratch directory...
[2026-09-23 01:47:31] [PROGRESS] database cleanup> Scratch directory cleaned up (16ms).
[2026-09-23 01:47:31] Running plumbing command: codeql dataset cleanup -- /workspaces/cybr621-lab2-Memory-Safety-Validation/codeql-db/db-cpp
[2026-09-23 01:47:31] [PROGRESS] dataset cleanup> Cleaning up dataset in /workspaces/cybr621-lab2-Memory-Safety-Validation/codeql-db/db-cpp.
[2026-09-23 01:47:31] Trimming disk cache at /workspaces/cybr621-lab2-Memory-Safety-Validation/codeql-db/db-cpp/default/cache in mode trim.
[2026-09-23 01:47:31] Sequence stamp origin is -5865344555844023601
[2026-09-23 01:47:31] Pausing evaluation to quickly trim memory at sequence stamp o+0
[2026-09-23 01:47:31] Unpausing evaluation
[2026-09-23 01:47:31] Pausing evaluation to zealously trim disk at sequence stamp o+1
[2026-09-23 01:47:31] Unpausing evaluation
[2026-09-23 01:47:31] Trimming completed (7ms): Trimmed disposable data from cache.
[2026-09-23 01:47:31] Pausing evaluation to close the cache at sequence stamp o+2
[2026-09-23 01:47:31] The disk cache is freshly trimmed; leave it be.
[2026-09-23 01:47:31] Unpausing evaluation
[2026-09-23 01:47:31] [PROGRESS] dataset cleanup> Trimmed disposable data from cache.
[2026-09-23 01:47:31] [PROGRESS] dataset cleanup> Finalizing dataset in /workspaces/cybr621-lab2-Memory-Safety-Validation/codeql-db/db-cpp
[2026-09-23 01:47:31] [DETAILS] dataset cleanup> Finished deleting ID pool from /workspaces/cybr621-lab2-Memory-Safety-Validation/codeql-db/db-cpp (5ms).
[2026-09-23 01:47:31] Plumbing command codeql dataset cleanup completed.
[2026-09-23 01:47:31] Plumbing command codeql database cleanup completed with status 0.
[2026-09-23 01:47:31] [PROGRESS] database finalize> Finished zipping source archive (134.99 KiB).
[2026-09-23 01:47:31] Plumbing command codeql database finalize completed.
[2026-09-23 01:47:31] [PROGRESS] database create> Successfully created database at /workspaces/cybr621-lab2-Memory-Safety-Validation/codeql-db.
[2026-09-23 01:47:31] Terminating normally.
